{
    "-profile test --tools mutect2,varlociraptor --input recalibrated_somatic.csv": {
        "content": [
            93,
            {
                "ALIGNMENTPROPERTIES_NORMAL": {
                    "varlociraptor": "8.7.3"
                },
                "ALIGNMENTPROPERTIES_TUMOR": {
                    "varlociraptor": "8.7.3"
                },
                "BCFTOOLS_STATS": {
                    "bcftools": 1.21
                },
                "CALCULATECONTAMINATION": {
                    "gatk4": "4.6.1.0"
                },
                "CREATE_INTERVALS_BED": {
                    "gawk": "5.1.0"
                },
                "FILL_SCENARIO_FILE": {
                    "yte": "1.9.0"
                },
                "FILTERMUTECTCALLS": {
                    "gatk4": "4.6.1.0"
                },
                "GATHERPILEUPSUMMARIES_NORMAL": {
                    "gatk4": "4.6.1.0"
                },
                "GATHERPILEUPSUMMARIES_TUMOR": {
                    "gatk4": "4.6.1.0"
                },
                "GATK4_CREATESEQUENCEDICTIONARY": {
                    "gatk4": "4.6.1.0"
                },
                "GETPILEUPSUMMARIES_NORMAL": {
                    "gatk4": "4.6.1.0"
                },
                "GETPILEUPSUMMARIES_TUMOR": {
                    "gatk4": "4.6.1.0"
                },
                "LEARNREADORIENTATIONMODEL": {
                    "gatk4": "4.6.1.0"
                },
                "MERGEMUTECTSTATS": {
                    "gatk4": "4.6.1.0"
                },
                "MERGE_CALLED_CHUNKS": {
                    "bcftools": 1.21
                },
                "MERGE_MUTECT2": {
                    "gatk4": "4.6.1.0"
                },
                "MOSDEPTH": {
                    "mosdepth": "0.3.10"
                },
                "MUTECT2_PAIRED": {
                    "gatk4": "4.6.1.0"
                },
                "PREPROCESS_NORMAL": {
                    "varlociraptor": "8.7.3"
                },
                "PREPROCESS_TUMOR": {
                    "varlociraptor": "8.7.3"
                },
                "SAMTOOLS_STATS": {
                    "samtools": 1.21
                },
                "SORT_CALLED_CHUNKS": {
                    "bcftools": 1.21
                },
                "TABIX_BGZIPTABIX_INTERVAL_COMBINED": {
                    "tabix": 1.21
                },
                "TABIX_BGZIPTABIX_INTERVAL_SPLIT": {
                    "tabix": 1.21
                },
                "VARLOCIRAPTOR_CALLVARIANTS": {
                    "varlociraptor": "8.7.3"
                },
                "VCFSPLIT_NORMAL": {
                    "Rust-Bio-Tools": "0.42.2"
                },
                "VCFSPLIT_TUMOR": {
                    "Rust-Bio-Tools": "0.42.2"
                },
                "VCFTOOLS_TSTV_COUNT": {
                    "vcftools": "0.1.16"
                }
            },
            [
                "alignmentproperties",
                "alignmentproperties/sample4_vs_sample3.alignment-properties.json",
                "csv",
                "csv/variantcalled.csv",
                "multiqc",
                "multiqc/multiqc_data",
                "multiqc/multiqc_data/BETA-multiqc.parquet",
                "multiqc/multiqc_data/bcftools-stats-subtypes.txt",
                "multiqc/multiqc_data/bcftools_stats_indel-lengths.txt",
                "multiqc/multiqc_data/bcftools_stats_variant_depths.txt",
                "multiqc/multiqc_data/bcftools_stats_vqc_Count_Indels.txt",
                "multiqc/multiqc_data/bcftools_stats_vqc_Count_SNP.txt",
                "multiqc/multiqc_data/bcftools_stats_vqc_Count_Transitions.txt",
                "multiqc/multiqc_data/bcftools_stats_vqc_Count_Transversions.txt",
                "multiqc/multiqc_data/llms-full.txt",
                "multiqc/multiqc_data/mosdepth-coverage-per-contig-single.txt",
                "multiqc/multiqc_data/mosdepth-cumcoverage-dist-id.txt",
                "multiqc/multiqc_data/mosdepth_cov_dist.txt",
                "multiqc/multiqc_data/mosdepth_cumcov_dist.txt",
                "multiqc/multiqc_data/mosdepth_perchrom.txt",
                "multiqc/multiqc_data/multiqc.log",
                "multiqc/multiqc_data/multiqc_bcftools_stats.txt",
                "multiqc/multiqc_data/multiqc_citations.txt",
                "multiqc/multiqc_data/multiqc_data.json",
                "multiqc/multiqc_data/multiqc_general_stats.txt",
                "multiqc/multiqc_data/multiqc_samtools_stats.txt",
                "multiqc/multiqc_data/multiqc_software_versions.txt",
                "multiqc/multiqc_data/multiqc_sources.txt",
                "multiqc/multiqc_data/samtools-stats-dp.txt",
                "multiqc/multiqc_data/samtools_alignment_plot.txt",
                "multiqc/multiqc_data/vcftools_tstv_by_count.txt",
                "multiqc/multiqc_data/vcftools_tstv_by_qual.txt",
                "multiqc/multiqc_plots",
                "multiqc/multiqc_plots/pdf",
                "multiqc/multiqc_plots/pdf/bcftools-stats-subtypes-cnt.pdf",
                "multiqc/multiqc_plots/pdf/bcftools-stats-subtypes-pct.pdf",
                "multiqc/multiqc_plots/pdf/bcftools_stats_indel-lengths-cnt.pdf",
                "multiqc/multiqc_plots/pdf/bcftools_stats_indel-lengths-log.pdf",
                "multiqc/multiqc_plots/pdf/bcftools_stats_variant_depths.pdf",
                "multiqc/multiqc_plots/pdf/bcftools_stats_vqc_Count_Indels.pdf",
                "multiqc/multiqc_plots/pdf/bcftools_stats_vqc_Count_SNP.pdf",
                "multiqc/multiqc_plots/pdf/bcftools_stats_vqc_Count_Transitions.pdf",
                "multiqc/multiqc_plots/pdf/bcftools_stats_vqc_Count_Transversions.pdf",
                "multiqc/multiqc_plots/pdf/mosdepth-coverage-per-contig-single-cnt.pdf",
                "multiqc/multiqc_plots/pdf/mosdepth-coverage-per-contig-single-pct.pdf",
                "multiqc/multiqc_plots/pdf/mosdepth-cumcoverage-dist-id.pdf",
                "multiqc/multiqc_plots/pdf/samtools-stats-dp.pdf",
                "multiqc/multiqc_plots/pdf/samtools_alignment_plot-cnt.pdf",
                "multiqc/multiqc_plots/pdf/samtools_alignment_plot-pct.pdf",
                "multiqc/multiqc_plots/pdf/vcftools_tstv_by_count.pdf",
                "multiqc/multiqc_plots/png",
                "multiqc/multiqc_plots/png/bcftools-stats-subtypes-cnt.png",
                "multiqc/multiqc_plots/png/bcftools-stats-subtypes-pct.png",
                "multiqc/multiqc_plots/png/bcftools_stats_indel-lengths-cnt.png",
                "multiqc/multiqc_plots/png/bcftools_stats_indel-lengths-log.png",
                "multiqc/multiqc_plots/png/bcftools_stats_variant_depths.png",
                "multiqc/multiqc_plots/png/bcftools_stats_vqc_Count_Indels.png",
                "multiqc/multiqc_plots/png/bcftools_stats_vqc_Count_SNP.png",
                "multiqc/multiqc_plots/png/bcftools_stats_vqc_Count_Transitions.png",
                "multiqc/multiqc_plots/png/bcftools_stats_vqc_Count_Transversions.png",
                "multiqc/multiqc_plots/png/mosdepth-coverage-per-contig-single-cnt.png",
                "multiqc/multiqc_plots/png/mosdepth-coverage-per-contig-single-pct.png",
                "multiqc/multiqc_plots/png/mosdepth-cumcoverage-dist-id.png",
                "multiqc/multiqc_plots/png/samtools-stats-dp.png",
                "multiqc/multiqc_plots/png/samtools_alignment_plot-cnt.png",
                "multiqc/multiqc_plots/png/samtools_alignment_plot-pct.png",
                "multiqc/multiqc_plots/png/vcftools_tstv_by_count.png",
                "multiqc/multiqc_plots/svg",
                "multiqc/multiqc_plots/svg/bcftools-stats-subtypes-cnt.svg",
                "multiqc/multiqc_plots/svg/bcftools-stats-subtypes-pct.svg",
                "multiqc/multiqc_plots/svg/bcftools_stats_indel-lengths-cnt.svg",
                "multiqc/multiqc_plots/svg/bcftools_stats_indel-lengths-log.svg",
                "multiqc/multiqc_plots/svg/bcftools_stats_variant_depths.svg",
                "multiqc/multiqc_plots/svg/bcftools_stats_vqc_Count_Indels.svg",
                "multiqc/multiqc_plots/svg/bcftools_stats_vqc_Count_SNP.svg",
                "multiqc/multiqc_plots/svg/bcftools_stats_vqc_Count_Transitions.svg",
                "multiqc/multiqc_plots/svg/bcftools_stats_vqc_Count_Transversions.svg",
                "multiqc/multiqc_plots/svg/mosdepth-coverage-per-contig-single-cnt.svg",
                "multiqc/multiqc_plots/svg/mosdepth-coverage-per-contig-single-pct.svg",
                "multiqc/multiqc_plots/svg/mosdepth-cumcoverage-dist-id.svg",
                "multiqc/multiqc_plots/svg/samtools-stats-dp.svg",
                "multiqc/multiqc_plots/svg/samtools_alignment_plot-cnt.svg",
                "multiqc/multiqc_plots/svg/samtools_alignment_plot-pct.svg",
                "multiqc/multiqc_plots/svg/vcftools_tstv_by_count.svg",
                "multiqc/multiqc_report.html",
                "pipeline_info",
                "pipeline_info/nf_core_sarek_software_mqc_versions.yml",
                "reference",
                "reference/dict",
                "reports",
                "reports/bcftools",
                "reports/bcftools/mutect2",
                "reports/bcftools/mutect2/sample4_vs_sample3",
                "reports/bcftools/mutect2/sample4_vs_sample3/sample4_vs_sample3.mutect2.filtered.bcftools_stats.txt",
                "reports/mosdepth",
                "reports/mosdepth/sample3",
                "reports/mosdepth/sample3/sample3.recal.mosdepth.global.dist.txt",
                "reports/mosdepth/sample3/sample3.recal.mosdepth.region.dist.txt",
                "reports/mosdepth/sample3/sample3.recal.mosdepth.summary.txt",
                "reports/mosdepth/sample3/sample3.recal.per-base.bed.gz",
                "reports/mosdepth/sample3/sample3.recal.per-base.bed.gz.csi",
                "reports/mosdepth/sample3/sample3.recal.regions.bed.gz",
                "reports/mosdepth/sample3/sample3.recal.regions.bed.gz.csi",
                "reports/mosdepth/sample4",
                "reports/mosdepth/sample4/sample4.recal.mosdepth.global.dist.txt",
                "reports/mosdepth/sample4/sample4.recal.mosdepth.region.dist.txt",
                "reports/mosdepth/sample4/sample4.recal.mosdepth.summary.txt",
                "reports/mosdepth/sample4/sample4.recal.per-base.bed.gz",
                "reports/mosdepth/sample4/sample4.recal.per-base.bed.gz.csi",
                "reports/mosdepth/sample4/sample4.recal.regions.bed.gz",
                "reports/mosdepth/sample4/sample4.recal.regions.bed.gz.csi",
                "reports/samtools",
                "reports/samtools/sample3",
                "reports/samtools/sample3/sample3.recal.cram.stats",
                "reports/samtools/sample4",
                "reports/samtools/sample4/sample4.recal.cram.stats",
                "reports/vcftools",
                "reports/vcftools/mutect2",
                "reports/vcftools/mutect2/sample4_vs_sample3",
                "reports/vcftools/mutect2/sample4_vs_sample3/sample4_vs_sample3.mutect2.filtered.FILTER.summary",
                "reports/vcftools/mutect2/sample4_vs_sample3/sample4_vs_sample3.mutect2.filtered.TsTv.count",
                "reports/vcftools/mutect2/sample4_vs_sample3/sample4_vs_sample3.mutect2.filtered.TsTv.qual",
                "variant_calling",
                "variant_calling/mutect2",
                "variant_calling/mutect2/sample3",
                "variant_calling/mutect2/sample3/sample3.mutect2.pileups.table",
                "variant_calling/mutect2/sample4",
                "variant_calling/mutect2/sample4/sample4.mutect2.pileups.table",
                "variant_calling/mutect2/sample4_vs_sample3",
                "variant_calling/mutect2/sample4_vs_sample3/sample4_vs_sample3.mutect2.artifactprior.tar.gz",
                "variant_calling/mutect2/sample4_vs_sample3/sample4_vs_sample3.mutect2.contamination.table",
                "variant_calling/mutect2/sample4_vs_sample3/sample4_vs_sample3.mutect2.filtered.vcf.gz",
                "variant_calling/mutect2/sample4_vs_sample3/sample4_vs_sample3.mutect2.filtered.vcf.gz.filteringStats.tsv",
                "variant_calling/mutect2/sample4_vs_sample3/sample4_vs_sample3.mutect2.filtered.vcf.gz.tbi",
                "variant_calling/mutect2/sample4_vs_sample3/sample4_vs_sample3.mutect2.segmentation.table",
                "variant_calling/mutect2/sample4_vs_sample3/sample4_vs_sample3.mutect2.vcf.gz",
                "variant_calling/mutect2/sample4_vs_sample3/sample4_vs_sample3.mutect2.vcf.gz.stats",
                "variant_calling/mutect2/sample4_vs_sample3/sample4_vs_sample3.mutect2.vcf.gz.tbi",
                "variant_calling/varlociraptor",
                "variant_calling/varlociraptor/sample4_vs_sample3",
                "variant_calling/varlociraptor/sample4_vs_sample3.mutect2.varlociraptor.vcf.gz",
                "variant_calling/varlociraptor/sample4_vs_sample3.mutect2.varlociraptor.vcf.gz.tbi",
                "variant_calling/varlociraptor/sample4_vs_sample3/sample3.mutect2.0.bcf",
                "variant_calling/varlociraptor/sample4_vs_sample3/sample3.mutect2.1.bcf",
                "variant_calling/varlociraptor/sample4_vs_sample3/sample3.mutect2.10.bcf",
                "variant_calling/varlociraptor/sample4_vs_sample3/sample3.mutect2.11.bcf",
                "variant_calling/varlociraptor/sample4_vs_sample3/sample3.mutect2.12.bcf",
                "variant_calling/varlociraptor/sample4_vs_sample3/sample3.mutect2.13.bcf",
                "variant_calling/varlociraptor/sample4_vs_sample3/sample3.mutect2.14.bcf",
                "variant_calling/varlociraptor/sample4_vs_sample3/sample3.mutect2.2.bcf",
                "variant_calling/varlociraptor/sample4_vs_sample3/sample3.mutect2.3.bcf",
                "variant_calling/varlociraptor/sample4_vs_sample3/sample3.mutect2.4.bcf",
                "variant_calling/varlociraptor/sample4_vs_sample3/sample3.mutect2.5.bcf",
                "variant_calling/varlociraptor/sample4_vs_sample3/sample3.mutect2.6.bcf",
                "variant_calling/varlociraptor/sample4_vs_sample3/sample3.mutect2.7.bcf",
                "variant_calling/varlociraptor/sample4_vs_sample3/sample3.mutect2.8.bcf",
                "variant_calling/varlociraptor/sample4_vs_sample3/sample3.mutect2.9.bcf",
                "variant_calling/varlociraptor/sample4_vs_sample3/sample4.mutect2.0.bcf",
                "variant_calling/varlociraptor/sample4_vs_sample3/sample4.mutect2.1.bcf",
                "variant_calling/varlociraptor/sample4_vs_sample3/sample4.mutect2.10.bcf",
                "variant_calling/varlociraptor/sample4_vs_sample3/sample4.mutect2.11.bcf",
                "variant_calling/varlociraptor/sample4_vs_sample3/sample4.mutect2.12.bcf",
                "variant_calling/varlociraptor/sample4_vs_sample3/sample4.mutect2.13.bcf",
                "variant_calling/varlociraptor/sample4_vs_sample3/sample4.mutect2.14.bcf",
                "variant_calling/varlociraptor/sample4_vs_sample3/sample4.mutect2.2.bcf",
                "variant_calling/varlociraptor/sample4_vs_sample3/sample4.mutect2.3.bcf",
                "variant_calling/varlociraptor/sample4_vs_sample3/sample4.mutect2.4.bcf",
                "variant_calling/varlociraptor/sample4_vs_sample3/sample4.mutect2.5.bcf",
                "variant_calling/varlociraptor/sample4_vs_sample3/sample4.mutect2.6.bcf",
                "variant_calling/varlociraptor/sample4_vs_sample3/sample4.mutect2.7.bcf",
                "variant_calling/varlociraptor/sample4_vs_sample3/sample4.mutect2.8.bcf",
                "variant_calling/varlociraptor/sample4_vs_sample3/sample4.mutect2.9.bcf",
                "variant_calling/varlociraptor/sample4_vs_sample3/varlociraptor-calls",
                "variant_calling/varlociraptor/sample4_vs_sample3/varlociraptor-calls-sorted",
                "variant_calling/varlociraptor/sample4_vs_sample3/varlociraptor-calls-sorted/sample4_vs_sample3.mutect2.0.vcf.gz",
                "variant_calling/varlociraptor/sample4_vs_sample3/varlociraptor-calls-sorted/sample4_vs_sample3.mutect2.0.vcf.gz.tbi",
                "variant_calling/varlociraptor/sample4_vs_sample3/varlociraptor-calls-sorted/sample4_vs_sample3.mutect2.1.vcf.gz",
                "variant_calling/varlociraptor/sample4_vs_sample3/varlociraptor-calls-sorted/sample4_vs_sample3.mutect2.1.vcf.gz.tbi",
                "variant_calling/varlociraptor/sample4_vs_sample3/varlociraptor-calls-sorted/sample4_vs_sample3.mutect2.10.vcf.gz",
                "variant_calling/varlociraptor/sample4_vs_sample3/varlociraptor-calls-sorted/sample4_vs_sample3.mutect2.10.vcf.gz.tbi",
                "variant_calling/varlociraptor/sample4_vs_sample3/varlociraptor-calls-sorted/sample4_vs_sample3.mutect2.11.vcf.gz",
                "variant_calling/varlociraptor/sample4_vs_sample3/varlociraptor-calls-sorted/sample4_vs_sample3.mutect2.11.vcf.gz.tbi",
                "variant_calling/varlociraptor/sample4_vs_sample3/varlociraptor-calls-sorted/sample4_vs_sample3.mutect2.12.vcf.gz",
                "variant_calling/varlociraptor/sample4_vs_sample3/varlociraptor-calls-sorted/sample4_vs_sample3.mutect2.12.vcf.gz.tbi",
                "variant_calling/varlociraptor/sample4_vs_sample3/varlociraptor-calls-sorted/sample4_vs_sample3.mutect2.13.vcf.gz",
                "variant_calling/varlociraptor/sample4_vs_sample3/varlociraptor-calls-sorted/sample4_vs_sample3.mutect2.13.vcf.gz.tbi",
                "variant_calling/varlociraptor/sample4_vs_sample3/varlociraptor-calls-sorted/sample4_vs_sample3.mutect2.14.vcf.gz",
                "variant_calling/varlociraptor/sample4_vs_sample3/varlociraptor-calls-sorted/sample4_vs_sample3.mutect2.14.vcf.gz.tbi",
                "variant_calling/varlociraptor/sample4_vs_sample3/varlociraptor-calls-sorted/sample4_vs_sample3.mutect2.2.vcf.gz",
                "variant_calling/varlociraptor/sample4_vs_sample3/varlociraptor-calls-sorted/sample4_vs_sample3.mutect2.2.vcf.gz.tbi",
                "variant_calling/varlociraptor/sample4_vs_sample3/varlociraptor-calls-sorted/sample4_vs_sample3.mutect2.3.vcf.gz",
                "variant_calling/varlociraptor/sample4_vs_sample3/varlociraptor-calls-sorted/sample4_vs_sample3.mutect2.3.vcf.gz.tbi",
                "variant_calling/varlociraptor/sample4_vs_sample3/varlociraptor-calls-sorted/sample4_vs_sample3.mutect2.4.vcf.gz",
                "variant_calling/varlociraptor/sample4_vs_sample3/varlociraptor-calls-sorted/sample4_vs_sample3.mutect2.4.vcf.gz.tbi",
                "variant_calling/varlociraptor/sample4_vs_sample3/varlociraptor-calls-sorted/sample4_vs_sample3.mutect2.5.vcf.gz",
                "variant_calling/varlociraptor/sample4_vs_sample3/varlociraptor-calls-sorted/sample4_vs_sample3.mutect2.5.vcf.gz.tbi",
                "variant_calling/varlociraptor/sample4_vs_sample3/varlociraptor-calls-sorted/sample4_vs_sample3.mutect2.6.vcf.gz",
                "variant_calling/varlociraptor/sample4_vs_sample3/varlociraptor-calls-sorted/sample4_vs_sample3.mutect2.6.vcf.gz.tbi",
                "variant_calling/varlociraptor/sample4_vs_sample3/varlociraptor-calls-sorted/sample4_vs_sample3.mutect2.7.vcf.gz",
                "variant_calling/varlociraptor/sample4_vs_sample3/varlociraptor-calls-sorted/sample4_vs_sample3.mutect2.7.vcf.gz.tbi",
                "variant_calling/varlociraptor/sample4_vs_sample3/varlociraptor-calls-sorted/sample4_vs_sample3.mutect2.8.vcf.gz",
                "variant_calling/varlociraptor/sample4_vs_sample3/varlociraptor-calls-sorted/sample4_vs_sample3.mutect2.8.vcf.gz.tbi",
                "variant_calling/varlociraptor/sample4_vs_sample3/varlociraptor-calls-sorted/sample4_vs_sample3.mutect2.9.vcf.gz",
                "variant_calling/varlociraptor/sample4_vs_sample3/varlociraptor-calls-sorted/sample4_vs_sample3.mutect2.9.vcf.gz.tbi",
                "variant_calling/varlociraptor/sample4_vs_sample3/varlociraptor-calls-sorted/versions.yml",
                "variant_calling/varlociraptor/sample4_vs_sample3/varlociraptor-calls/sample4_vs_sample3.mutect2.0.bcf",
                "variant_calling/varlociraptor/sample4_vs_sample3/varlociraptor-calls/sample4_vs_sample3.mutect2.1.bcf",
                "variant_calling/varlociraptor/sample4_vs_sample3/varlociraptor-calls/sample4_vs_sample3.mutect2.10.bcf",
                "variant_calling/varlociraptor/sample4_vs_sample3/varlociraptor-calls/sample4_vs_sample3.mutect2.11.bcf",
                "variant_calling/varlociraptor/sample4_vs_sample3/varlociraptor-calls/sample4_vs_sample3.mutect2.12.bcf",
                "variant_calling/varlociraptor/sample4_vs_sample3/varlociraptor-calls/sample4_vs_sample3.mutect2.13.bcf",
                "variant_calling/varlociraptor/sample4_vs_sample3/varlociraptor-calls/sample4_vs_sample3.mutect2.14.bcf",
                "variant_calling/varlociraptor/sample4_vs_sample3/varlociraptor-calls/sample4_vs_sample3.mutect2.2.bcf",
                "variant_calling/varlociraptor/sample4_vs_sample3/varlociraptor-calls/sample4_vs_sample3.mutect2.3.bcf",
                "variant_calling/varlociraptor/sample4_vs_sample3/varlociraptor-calls/sample4_vs_sample3.mutect2.4.bcf",
                "variant_calling/varlociraptor/sample4_vs_sample3/varlociraptor-calls/sample4_vs_sample3.mutect2.5.bcf",
                "variant_calling/varlociraptor/sample4_vs_sample3/varlociraptor-calls/sample4_vs_sample3.mutect2.6.bcf",
                "variant_calling/varlociraptor/sample4_vs_sample3/varlociraptor-calls/sample4_vs_sample3.mutect2.7.bcf",
                "variant_calling/varlociraptor/sample4_vs_sample3/varlociraptor-calls/sample4_vs_sample3.mutect2.8.bcf",
                "variant_calling/varlociraptor/sample4_vs_sample3/varlociraptor-calls/sample4_vs_sample3.mutect2.9.bcf",
                "variant_calling/varlociraptor/sample4_vs_sample3/varlociraptor-calls/versions.yml",
                "variant_calling/varlociraptor/sample4_vs_sample3/versions.yml",
                "variant_calling/varlociraptor/tumor_normal_scenario",
                "variant_calling/varlociraptor/tumor_normal_scenario/tumor_normal_scenario.yaml",
                "variant_calling/varlociraptor/tumor_normal_scenario/versions.yml",
                "variant_calling/varlociraptor/versions.yml",
                "vcfsplit",
                "vcfsplit/sample4_vs_sample3.0.bcf",
                "vcfsplit/sample4_vs_sample3.1.bcf",
                "vcfsplit/sample4_vs_sample3.10.bcf",
                "vcfsplit/sample4_vs_sample3.11.bcf",
                "vcfsplit/sample4_vs_sample3.12.bcf",
                "vcfsplit/sample4_vs_sample3.13.bcf",
                "vcfsplit/sample4_vs_sample3.14.bcf",
                "vcfsplit/sample4_vs_sample3.2.bcf",
                "vcfsplit/sample4_vs_sample3.3.bcf",
                "vcfsplit/sample4_vs_sample3.4.bcf",
                "vcfsplit/sample4_vs_sample3.5.bcf",
                "vcfsplit/sample4_vs_sample3.6.bcf",
                "vcfsplit/sample4_vs_sample3.7.bcf",
                "vcfsplit/sample4_vs_sample3.8.bcf",
                "vcfsplit/sample4_vs_sample3.9.bcf"
            ],
            [
                "sample4_vs_sample3.alignment-properties.json:md5,e5d130cfecf04bd0f881c8bbab21cfee",
                "mosdepth-coverage-per-contig-single.txt:md5,4ee05f71086179b42a01cd2fb450346f",
                "mosdepth-cumcoverage-dist-id.txt:md5,cb7468f51b8be1230fb3ac5b130be31f",
                "mosdepth_perchrom.txt:md5,4ee05f71086179b42a01cd2fb450346f",
                "multiqc_citations.txt:md5,d40980f61eb64026d58102841b7f3860",
                "samtools-stats-dp.txt:md5,e0a8d8867064083908a8ca1ea782d7ac",
                "samtools_alignment_plot.txt:md5,f4b1a7cef760291172144a8614b4a1cd",
                "sample4_vs_sample3.mutect2.filtered.bcftools_stats.txt:md5,91e802a68f9d8da14bb3dcf784f0810d",
                "sample3.recal.mosdepth.global.dist.txt:md5,69e29702ef01fd8f6c7a5468fc35a16a",
                "sample3.recal.mosdepth.region.dist.txt:md5,6ec49cd7d510c2eb3d9d90fdb79b783a",
                "sample3.recal.mosdepth.summary.txt:md5,103098d0bf76ed82d2b87d5f242b099a",
                "sample3.recal.per-base.bed.gz:md5,297f96648928d0ca5184223fb9941e7c",
                "sample3.recal.per-base.bed.gz.csi:md5,c67dcd711b096eb42f43784d5eadbc0d",
                "sample3.recal.regions.bed.gz:md5,314ce8d7273eff353072108aa77c327c",
                "sample3.recal.regions.bed.gz.csi:md5,9cb0ad7039a3b703d16ca7d5b835c0ee",
                "sample4.recal.mosdepth.global.dist.txt:md5,f2dcd00a64947c49e8e4b93c2f4fbf27",
                "sample4.recal.mosdepth.region.dist.txt:md5,39005ffaac22871ffaaf19656fe69c5b",
                "sample4.recal.mosdepth.summary.txt:md5,68d4b98f17361fddf73052ead34fa370",
                "sample4.recal.per-base.bed.gz:md5,39a1bc436aa8546c26faedbe94cb676c",
                "sample4.recal.per-base.bed.gz.csi:md5,cfb07b0ba46e8468b4342edb243536f3",
                "sample4.recal.regions.bed.gz:md5,b7561bc56a955f7db0f11e67e2ec0386",
                "sample4.recal.regions.bed.gz.csi:md5,393c2749068304d8545b501b9d4658e4",
                "sample4_vs_sample3.mutect2.filtered.FILTER.summary:md5,b25d4d2a64f9590d0ffb119fd3adb06e",
                "sample4_vs_sample3.mutect2.filtered.TsTv.count:md5,3739f24da2d2019cc4bc2821e30658eb",
                "sample3.mutect2.pileups.table:md5,29388a37ebae6c6c5f868bdb7b341d26",
                "sample4.mutect2.pileups.table:md5,df85ceff89be6f9a13707d9cda29dd6e",
                "sample4_vs_sample3.mutect2.contamination.table:md5,46c708c943b453da89a3da08acfdb2a7",
                "sample4_vs_sample3.mutect2.filtered.vcf.gz.filteringStats.tsv:md5,9ae27fbd04af1a2ea574e2ff1c3a683b",
                "sample4_vs_sample3.mutect2.segmentation.table:md5,f4643d9319bde4efbfbe516d6fb13052",
                "sample4_vs_sample3.mutect2.vcf.gz.stats:md5,c09dff3f145d77d4848992e244811c08",
                "sample3.mutect2.0.bcf:md5,7a326f488999e7875ae9cc8c5ff52dba",
                "sample3.mutect2.1.bcf:md5,b3632dd790473392345de3c2673d2130",
                "sample3.mutect2.10.bcf:md5,53b58e3cf1550c32f9178e97a8887369",
                "sample3.mutect2.11.bcf:md5,5654b334578ef95b45465922e4203379",
                "sample3.mutect2.12.bcf:md5,10e196d9dd71581df8fc6293dff2a9e2",
                "sample3.mutect2.13.bcf:md5,8e63f0aa86c5dcced6f09fb4cb970846",
                "sample3.mutect2.14.bcf:md5,cf34e2fbff8e7ab959ab75659c9e31de",
                "sample3.mutect2.2.bcf:md5,b57189bc279e71c699a8b70b1e5e0131",
                "sample3.mutect2.3.bcf:md5,c7fc60d9ae532aface4b45bca5175dda",
                "sample3.mutect2.4.bcf:md5,53af84b44295322d9bbc118fe9b1384e",
                "sample3.mutect2.5.bcf:md5,776a5e404d56bb1df11230b6c3b6bb97",
                "sample3.mutect2.6.bcf:md5,85905525bc270850952bf4df72bac1bd",
                "sample3.mutect2.7.bcf:md5,41d37105e8b8d3e203e31e143659b223",
                "sample3.mutect2.8.bcf:md5,5f88ee0386c8b9541516fcaf42ee1387",
                "sample3.mutect2.9.bcf:md5,51a38b482798bda566fd8c0be566e4c1",
                "sample4.mutect2.0.bcf:md5,5a27c82f10729806d4c20977b614c378",
                "sample4.mutect2.1.bcf:md5,b1ec8e91be243f04b7917f8df57ef855",
                "sample4.mutect2.10.bcf:md5,d7b9b7e983360a430d7b394a731c1e2d",
                "sample4.mutect2.11.bcf:md5,1affd8ba3837c5b041edd8cc0ee806dc",
                "sample4.mutect2.12.bcf:md5,123c9c2606f46950c5b4d99f874e3cfe",
                "sample4.mutect2.13.bcf:md5,cb29a98174a66759e7180c72e389717c",
                "sample4.mutect2.14.bcf:md5,2e4bea538f3ec99ff91c6b4273a046c3",
                "sample4.mutect2.2.bcf:md5,ba8d129d005fcd513b5d70166bb9a69b",
                "sample4.mutect2.3.bcf:md5,2bec28e5800a2660a5d7df19dbe1d009",
                "sample4.mutect2.4.bcf:md5,92acb53097be5b6bc6be5a4636fb21ca",
                "sample4.mutect2.5.bcf:md5,81a68452d3c2148885b3e064334baff8",
                "sample4.mutect2.6.bcf:md5,43ea9cab7a8fb96c31f68571774a2223",
                "sample4.mutect2.7.bcf:md5,c41eff6e23f24cfd1b9c840d638868b8",
                "sample4.mutect2.8.bcf:md5,0496f980622728c7311b1162b2ba69ff",
                "sample4.mutect2.9.bcf:md5,4aa6215f441484250e7dc638b5ad0aa9",
                "versions.yml:md5,be36486a80466a8b21425e920f0485e2",
                "sample4_vs_sample3.mutect2.0.bcf:md5,a91b6d5f90088a3dcbfcabb5a638d63d",
                "sample4_vs_sample3.mutect2.1.bcf:md5,1981c322128b34a4286ccc084b321015",
                "sample4_vs_sample3.mutect2.10.bcf:md5,3d50efee2c21b9617a7aaad0547515f4",
                "sample4_vs_sample3.mutect2.11.bcf:md5,817af86a47d1a6ecbd137bb1dada437d",
                "sample4_vs_sample3.mutect2.12.bcf:md5,f4e3ce169b4888360dde31aec3f7f48e",
                "sample4_vs_sample3.mutect2.13.bcf:md5,d00b171b4a37e748d5a605fbea2279e8",
                "sample4_vs_sample3.mutect2.14.bcf:md5,551ea93f5a20b8cf4dc6b7045ca1f1a9",
                "sample4_vs_sample3.mutect2.2.bcf:md5,3c6caa50dd32e3d8acb95d8ff1ea6029",
                "sample4_vs_sample3.mutect2.3.bcf:md5,0de59c3fb16f63d8101ac57c0f00a052",
                "sample4_vs_sample3.mutect2.4.bcf:md5,28a808b873350f47170b7e8fae3a8e17",
                "sample4_vs_sample3.mutect2.5.bcf:md5,a6f8069b5edddf53058aa2924b1c0b8e",
                "sample4_vs_sample3.mutect2.6.bcf:md5,542914d58bdde792f1541f359cef25c3",
                "sample4_vs_sample3.mutect2.7.bcf:md5,a58d228dc4c7bc2b62c3b0f1b355fd68",
                "sample4_vs_sample3.mutect2.8.bcf:md5,e96fb34790cd4d4494bfdce33822fe6b",
                "sample4_vs_sample3.mutect2.9.bcf:md5,27cc388ed3ad3cc124f71ae46da86776",
                "versions.yml:md5,7f2c617fe6ae30cdf1f00d75f4a09813",
                "versions.yml:md5,cfadb763478505b738e236a0eb3fb584",
                "tumor_normal_scenario.yaml:md5,d85fd82470de636a7d97b869d6c32fbc",
                "versions.yml:md5,1faa01049e0b1c8cf69a2a5a7628d24c",
                "versions.yml:md5,2f207639ad85b335bd648a600b1d1fb7",
                "sample4_vs_sample3.0.bcf:md5,a91e359e3a8119321f1c239970df4697",
                "sample4_vs_sample3.1.bcf:md5,8913a8f6b2f27c62f4ed9753f8608947",
                "sample4_vs_sample3.10.bcf:md5,2567158f8d7c425dca6e6f187f8384ef",
                "sample4_vs_sample3.11.bcf:md5,d7092f4e04b988458f2c2a33fe4a394c",
                "sample4_vs_sample3.12.bcf:md5,d31f6c6f6b0e1be314114e2020428484",
                "sample4_vs_sample3.13.bcf:md5,fafdeb79218078066b0cae47a27d3242",
                "sample4_vs_sample3.14.bcf:md5,293358d2a33587503a60bafd5d9c00d6",
                "sample4_vs_sample3.2.bcf:md5,67d977d303c76f38127a6b9e92f5a907",
                "sample4_vs_sample3.3.bcf:md5,e48ea84c1269be5445ed95811fec331e",
                "sample4_vs_sample3.4.bcf:md5,b65bf5f6cc6fd4a44b835712ca6f1f58",
                "sample4_vs_sample3.5.bcf:md5,1bf45bad51355e38b6178a4cfd45177d",
                "sample4_vs_sample3.6.bcf:md5,b1b28f95a0abf6dcc76817e00d207644",
                "sample4_vs_sample3.7.bcf:md5,f4f6ab7da3aa597e7ec9857f6b69113e",
                "sample4_vs_sample3.8.bcf:md5,6e57ebbb0ffda4ad94d7e5a2259dc0a3",
                "sample4_vs_sample3.9.bcf:md5,e2b2c931dcd5545856f65615d57e242c"
            ],
            "No BAM files",
            "No CRAM files",
            [
                "sample4_vs_sample3.mutect2.filtered.vcf.gz:md5,39a1cec1e8040924e280606b1c2e98bf",
                "sample4_vs_sample3.mutect2.vcf.gz:md5,7418ed45a029394253817a5eb7149334",
                "sample4_vs_sample3.mutect2.varlociraptor.vcf.gz:md5,329e9ce72c24e0cd54d6d47974589929",
                "sample4_vs_sample3.mutect2.0.vcf.gz:md5,ddc72e98613d80231c8717f630dcf800",
                "sample4_vs_sample3.mutect2.1.vcf.gz:md5,dea4c34096abba81710179c7e62a6392",
                "sample4_vs_sample3.mutect2.10.vcf.gz:md5,7a46fba3efb065305e43189cd5ce268c",
                "sample4_vs_sample3.mutect2.11.vcf.gz:md5,761fe0a165ae6ecc1f2bf39094b01321",
                "sample4_vs_sample3.mutect2.12.vcf.gz:md5,e7c1a4a7d9d3c4df1d176f5de4cef923",
                "sample4_vs_sample3.mutect2.13.vcf.gz:md5,99666fcf8d718f7083e53d2a769dc4ed",
                "sample4_vs_sample3.mutect2.14.vcf.gz:md5,d41d8cd98f00b204e9800998ecf8427e",
                "sample4_vs_sample3.mutect2.2.vcf.gz:md5,7c05e142f79039af41b2e7f851deb45",
                "sample4_vs_sample3.mutect2.3.vcf.gz:md5,5e837176af2304f8d08867d81a54aabe",
                "sample4_vs_sample3.mutect2.4.vcf.gz:md5,4a8bb516162644aabc2cd329f7f007b",
                "sample4_vs_sample3.mutect2.5.vcf.gz:md5,ba8d2f43497ac23c0a73870c6219e5d8",
                "sample4_vs_sample3.mutect2.6.vcf.gz:md5,17da6a56834e22084e9bdf025ff9a9ec",
                "sample4_vs_sample3.mutect2.7.vcf.gz:md5,930e3f2fe1e0bcdb7a97a568d6e279c3",
                "sample4_vs_sample3.mutect2.8.vcf.gz:md5,196d710937d369778fb5bb8c9f63697c",
                "sample4_vs_sample3.mutect2.9.vcf.gz:md5,cb0043aaf5d6b8384b1ace6a0bfcafc4"
            ]
        ],
        "meta": {
            "nf-test": "0.9.2",
            "nextflow": "25.04.6"
        },
        "timestamp": "2025-07-18T11:00:59.050425447"
    }
}